// Jest Snapshot v1, https://goo.gl/fbAQLP

exports[`changeManager #mergeChanges should merge the changes into the same result 1`] = `
Array [
  "<osmChange generator=\\"change-merger\\" version=\\"0.6\\"><create><node id=\\"-1\\" version=\\"0\\" lon=\\"24\\" lat=\\"24\\" changeset=\\"2\\"><tag k=\\"cat\\" v=\\"bark\\"></tag></node><node id=\\"-2\\" version=\\"0\\" lon=\\"25\\" lat=\\"25\\" changeset=\\"2\\"></node><node id=\\"-3\\" version=\\"0\\" lon=\\"26\\" lat=\\"26\\" changeset=\\"2\\"></node><node id=\\"-5\\" version=\\"0\\" lon=\\"24\\" lat=\\"24\\" changeset=\\"2\\"><tag k=\\"cat\\" v=\\"bark\\"></tag></node><way id=\\"-4\\" version=\\"0\\" changeset=\\"2\\"><nd ref=\\"-1\\"></nd><nd ref=\\"-2\\"></nd><nd ref=\\"-3\\"></nd></way></create><modify><way id=\\"1\\" version=\\"0\\" changeset=\\"2\\"><nd ref=\\"-5\\"></nd><nd ref=\\"3\\"></nd><nd ref=\\"4\\"></nd></way></modify><delete><way id=\\"5\\" version=\\"0\\" changeset=\\"2\\"><nd ref=\\"6\\"></nd><nd ref=\\"7\\"></nd><nd ref=\\"8\\"></nd></way><node id=\\"1\\" version=\\"0\\" lon=\\"24\\" lat=\\"24\\" changeset=\\"2\\"><tag k=\\"cat\\" v=\\"bark\\"></tag></node><node id=\\"6\\" version=\\"0\\" lon=\\"24\\" lat=\\"24\\" changeset=\\"2\\"><tag k=\\"cat\\" v=\\"bark\\"></tag></node><node id=\\"7\\" version=\\"0\\" lon=\\"25\\" lat=\\"25\\" changeset=\\"2\\"></node><node id=\\"8\\" version=\\"0\\" lon=\\"26\\" lat=\\"26\\" changeset=\\"2\\"></node></delete></osmChange>",
  Array [
    Object {
      "externalId": "a",
      "tempOsmId": -4,
    },
  ],
  Array [
    "c",
  ],
]
`;
